2025-12-11 05:41:01,156 INFO o.a.j.u.JMeterUtils: Setting Locale to en_EN
2025-12-11 05:41:01,187 INFO o.a.j.JMeter: Loading user properties from: C:\JMeter\apache-jmeter-5.6.3\apache-jmeter-5.6.3\bin\user.properties
2025-12-11 05:41:01,188 INFO o.a.j.JMeter: Loading system properties from: C:\JMeter\apache-jmeter-5.6.3\apache-jmeter-5.6.3\bin\system.properties
2025-12-11 05:41:01,200 INFO o.a.j.JMeter: Copyright (c) 1998-2024 The Apache Software Foundation
2025-12-11 05:41:01,200 INFO o.a.j.JMeter: Version 5.6.3
2025-12-11 05:41:01,200 INFO o.a.j.JMeter: java.version=17.0.10
2025-12-11 05:41:01,201 INFO o.a.j.JMeter: java.vm.name=Java HotSpot(TM) 64-Bit Server VM
2025-12-11 05:41:01,201 INFO o.a.j.JMeter: os.name=Windows 11
2025-12-11 05:41:01,201 INFO o.a.j.JMeter: os.arch=amd64
2025-12-11 05:41:01,201 INFO o.a.j.JMeter: os.version=10.0
2025-12-11 05:41:01,201 INFO o.a.j.JMeter: file.encoding=Cp1252
2025-12-11 05:41:01,201 INFO o.a.j.JMeter: java.awt.headless=null
2025-12-11 05:41:01,201 INFO o.a.j.JMeter: Max memory     =1073741824
2025-12-11 05:41:01,201 INFO o.a.j.JMeter: Available Processors =8
2025-12-11 05:41:01,217 INFO o.a.j.JMeter: Default Locale=English (EN)
2025-12-11 05:41:01,218 INFO o.a.j.JMeter: JMeter  Locale=English (EN)
2025-12-11 05:41:01,218 INFO o.a.j.JMeter: JMeterHome=C:\JMeter\apache-jmeter-5.6.3\apache-jmeter-5.6.3
2025-12-11 05:41:01,218 INFO o.a.j.JMeter: user.dir  =C:\Users\yahya\Desktop\Codelearnappp\Utilisateur
2025-12-11 05:41:01,218 INFO o.a.j.JMeter: PWD       =C:\Users\yahya\Desktop\Codelearnappp\Utilisateur
2025-12-11 05:41:01,499 INFO o.a.j.JMeter: IP: 192.168.11.156 Name: DESKTOP-LDFO5VO FullName: 192.168.11.156
2025-12-11 05:41:01,535 INFO o.a.j.JMeter: Loaded icon properties from org/apache/jmeter/images/icon.properties
2025-12-11 05:41:02,254 INFO o.a.j.JMeterGuiLauncher: Setting LAF to: com.github.weisj.darklaf.DarkLaf:com.github.weisj.darklaf.theme.DarculaTheme
2025-12-11 05:41:04,748 INFO o.a.j.JMeterGuiLauncher: Loading file: jmeter-test-plan.jmx
2025-12-11 05:41:04,755 INFO o.a.j.s.FileServer: Default base='C:\Users\yahya\Desktop\Codelearnappp\Utilisateur'
2025-12-11 05:41:04,758 INFO o.a.j.s.FileServer: Set new base='C:\Users\yahya\Desktop\Codelearnappp\Utilisateur'
2025-12-11 05:41:05,163 INFO o.a.j.s.SaveService: Testplan (JMX) version: 2.2. Testlog (JTL) version: 2.2
2025-12-11 05:41:05,239 INFO o.a.j.s.SaveService: Using SaveService properties version 5.0
2025-12-11 05:41:05,248 INFO o.a.j.s.SaveService: Using SaveService properties file encoding UTF-8
2025-12-11 05:41:05,253 INFO o.a.j.s.SaveService: Loading file: jmeter-test-plan.jmx
2025-12-11 05:41:05,345 INFO o.a.j.p.h.s.HTTPSamplerBase: Parser for text/html is org.apache.jmeter.protocol.http.parser.LagartoBasedHtmlParser
2025-12-11 05:41:05,346 INFO o.a.j.p.h.s.HTTPSamplerBase: Parser for application/xhtml+xml is org.apache.jmeter.protocol.http.parser.LagartoBasedHtmlParser
2025-12-11 05:41:05,346 INFO o.a.j.p.h.s.HTTPSamplerBase: Parser for application/xml is org.apache.jmeter.protocol.http.parser.LagartoBasedHtmlParser
2025-12-11 05:41:05,346 INFO o.a.j.p.h.s.HTTPSamplerBase: Parser for text/xml is org.apache.jmeter.protocol.http.parser.LagartoBasedHtmlParser
2025-12-11 05:41:05,346 INFO o.a.j.p.h.s.HTTPSamplerBase: Parser for text/vnd.wap.wml is org.apache.jmeter.protocol.http.parser.RegexpHTMLParser
2025-12-11 05:41:05,346 INFO o.a.j.p.h.s.HTTPSamplerBase: Parser for text/css is org.apache.jmeter.protocol.http.parser.CssParser
2025-12-11 05:41:05,425 INFO o.a.j.s.FileServer: Set new base='C:\Users\yahya\Desktop\Codelearnappp\Utilisateur'
2025-12-11 05:41:05,886 INFO o.a.j.s.SampleResult: Note: Sample TimeStamps are START times
2025-12-11 05:41:05,887 INFO o.a.j.s.SampleResult: sampleresult.default.encoding is set to UTF-8
2025-12-11 05:41:05,887 INFO o.a.j.s.SampleResult: sampleresult.useNanoTime=true
2025-12-11 05:41:05,887 INFO o.a.j.s.SampleResult: sampleresult.nanoThreadSleep=5000
